mode: set
github.com/example/gospreadsheet/autofilter.go:47.49,52.2 1 1
github.com/example/gospreadsheet/autofilter.go:55.67,59.2 3 1
github.com/example/gospreadsheet/autofilter.go:62.81,70.2 2 1
github.com/example/gospreadsheet/autofilter.go:73.96,81.2 2 1
github.com/example/gospreadsheet/calculation.go:16.60,18.2 1 1
github.com/example/gospreadsheet/calculation.go:21.92,23.16 2 1
github.com/example/gospreadsheet/calculation.go:23.16,25.3 1 1
github.com/example/gospreadsheet/calculation.go:26.2,26.34 1 1
github.com/example/gospreadsheet/calculation.go:26.34,28.3 1 1
github.com/example/gospreadsheet/calculation.go:29.2,29.38 1 1
github.com/example/gospreadsheet/calculation.go:33.51,34.48 1 1
github.com/example/gospreadsheet/calculation.go:34.48,36.38 2 1
github.com/example/gospreadsheet/calculation.go:36.38,37.36 1 1
github.com/example/gospreadsheet/calculation.go:37.36,39.19 2 1
github.com/example/gospreadsheet/calculation.go:39.19,41.6 1 1
github.com/example/gospreadsheet/calculation.go:41.11,43.6 1 1
github.com/example/gospreadsheet/calculation.go:47.2,47.12 1 1
github.com/example/gospreadsheet/calculation.go:51.91,53.19 2 1
github.com/example/gospreadsheet/calculation.go:53.19,55.3 1 1
github.com/example/gospreadsheet/calculation.go:58.2,59.47 2 1
github.com/example/gospreadsheet/calculation.go:59.47,60.84 1 1
github.com/example/gospreadsheet/calculation.go:60.84,63.4 2 1
github.com/example/gospreadsheet/calculation.go:67.2,67.24 1 1
github.com/example/gospreadsheet/calculation.go:67.24,69.3 1 1
github.com/example/gospreadsheet/calculation.go:72.2,72.59 1 1
github.com/example/gospreadsheet/calculation.go:72.59,74.3 1 1
github.com/example/gospreadsheet/calculation.go:77.2,77.72 1 1
github.com/example/gospreadsheet/calculation.go:77.72,79.3 1 1
github.com/example/gospreadsheet/calculation.go:82.2,82.50 1 1
github.com/example/gospreadsheet/calculation.go:82.50,83.48 1 1
github.com/example/gospreadsheet/calculation.go:83.48,85.18 2 1
github.com/example/gospreadsheet/calculation.go:85.18,87.5 1 1
github.com/example/gospreadsheet/calculation.go:88.4,89.18 2 1
github.com/example/gospreadsheet/calculation.go:89.18,91.5 1 1
github.com/example/gospreadsheet/calculation.go:92.4,92.53 1 1
github.com/example/gospreadsheet/calculation.go:96.2,96.56 1 1
github.com/example/gospreadsheet/calculation.go:99.50,103.28 2 1
github.com/example/gospreadsheet/calculation.go:103.28,104.41 1 1
github.com/example/gospreadsheet/calculation.go:104.41,106.17 2 1
github.com/example/gospreadsheet/calculation.go:106.17,108.5 1 1
github.com/example/gospreadsheet/calculation.go:108.10,108.24 1 1
github.com/example/gospreadsheet/calculation.go:108.24,110.5 1 1
github.com/example/gospreadsheet/calculation.go:110.10,110.45 1 1
github.com/example/gospreadsheet/calculation.go:110.45,112.5 1 1
github.com/example/gospreadsheet/calculation.go:114.8,115.41 1 1
github.com/example/gospreadsheet/calculation.go:115.41,117.17 2 1
github.com/example/gospreadsheet/calculation.go:117.17,119.5 1 1
github.com/example/gospreadsheet/calculation.go:119.10,119.24 1 1
github.com/example/gospreadsheet/calculation.go:119.24,121.5 1 1
github.com/example/gospreadsheet/calculation.go:121.10,121.45 1 1
github.com/example/gospreadsheet/calculation.go:121.45,123.5 1 1
github.com/example/gospreadsheet/calculation.go:126.2,126.11 1 1
github.com/example/gospreadsheet/calculation.go:129.63,130.12 1 1
github.com/example/gospreadsheet/calculation.go:131.11,132.27 1 1
github.com/example/gospreadsheet/calculation.go:133.11,134.27 1 1
github.com/example/gospreadsheet/calculation.go:135.11,136.27 1 1
github.com/example/gospreadsheet/calculation.go:137.11,138.17 1 1
github.com/example/gospreadsheet/calculation.go:138.17,140.4 1 1
github.com/example/gospreadsheet/calculation.go:141.3,141.27 1 1
github.com/example/gospreadsheet/calculation.go:143.2,143.50 1 1
github.com/example/gospreadsheet/calculation.go:146.37,147.25 1 1
github.com/example/gospreadsheet/calculation.go:148.15,149.13 1 1
github.com/example/gospreadsheet/calculation.go:150.11,151.22 1 1
github.com/example/gospreadsheet/calculation.go:152.12,153.10 1 1
github.com/example/gospreadsheet/calculation.go:153.10,155.4 1 1
github.com/example/gospreadsheet/calculation.go:156.3,156.11 1 1
github.com/example/gospreadsheet/calculation.go:157.14,158.56 1 1
github.com/example/gospreadsheet/calculation.go:158.56,160.4 1 1
github.com/example/gospreadsheet/calculation.go:162.2,162.10 1 1
github.com/example/gospreadsheet/calculation.go:165.31,167.13 2 1
github.com/example/gospreadsheet/calculation.go:167.13,169.3 1 1
github.com/example/gospreadsheet/calculation.go:170.2,172.23 3 1
github.com/example/gospreadsheet/calculation.go:172.23,173.27 1 1
github.com/example/gospreadsheet/calculation.go:173.27,174.16 1 1
github.com/example/gospreadsheet/calculation.go:174.16,176.5 1 1
github.com/example/gospreadsheet/calculation.go:177.4,177.20 1 1
github.com/example/gospreadsheet/calculation.go:178.9,178.33 1 1
github.com/example/gospreadsheet/calculation.go:178.33,179.14 1 1
github.com/example/gospreadsheet/calculation.go:179.14,181.5 1 1
github.com/example/gospreadsheet/calculation.go:182.4,182.19 1 1
github.com/example/gospreadsheet/calculation.go:183.9,185.4 1 1
github.com/example/gospreadsheet/calculation.go:187.2,187.30 1 1
github.com/example/gospreadsheet/calculation.go:190.95,192.16 2 1
github.com/example/gospreadsheet/calculation.go:192.16,194.3 1 1
github.com/example/gospreadsheet/calculation.go:195.2,195.34 1 1
github.com/example/gospreadsheet/calculation.go:195.34,197.3 1 1
github.com/example/gospreadsheet/calculation.go:198.2,198.24 1 1
github.com/example/gospreadsheet/calculation.go:202.98,204.16 2 1
github.com/example/gospreadsheet/calculation.go:204.16,206.3 1 1
github.com/example/gospreadsheet/calculation.go:207.2,208.52 2 1
github.com/example/gospreadsheet/calculation.go:208.52,209.59 1 1
github.com/example/gospreadsheet/calculation.go:209.59,212.36 3 1
github.com/example/gospreadsheet/calculation.go:212.36,214.5 1 1
github.com/example/gospreadsheet/calculation.go:214.10,216.5 1 1
github.com/example/gospreadsheet/calculation.go:217.4,217.18 1 1
github.com/example/gospreadsheet/calculation.go:217.18,219.5 1 1
github.com/example/gospreadsheet/calculation.go:222.2,222.20 1 1
github.com/example/gospreadsheet/calculation.go:226.38,230.26 4 1
github.com/example/gospreadsheet/calculation.go:230.26,231.16 1 1
github.com/example/gospreadsheet/calculation.go:231.16,234.4 2 1
github.com/example/gospreadsheet/calculation.go:234.9,234.23 1 1
github.com/example/gospreadsheet/calculation.go:234.23,237.4 2 1
github.com/example/gospreadsheet/calculation.go:237.9,237.37 1 1
github.com/example/gospreadsheet/calculation.go:237.37,240.4 2 1
github.com/example/gospreadsheet/calculation.go:240.9,242.4 1 1
github.com/example/gospreadsheet/calculation.go:244.2,244.19 1 1
github.com/example/gospreadsheet/calculation.go:244.19,246.3 1 1
github.com/example/gospreadsheet/calculation.go:247.2,247.15 1 1
github.com/example/gospreadsheet/comment.go:10.47,12.2 1 1
github.com/example/gospreadsheet/conditional.go:50.71,55.2 1 1
github.com/example/gospreadsheet/conditional.go:58.87,59.24 1 1
github.com/example/gospreadsheet/conditional.go:59.24,61.3 1 1
github.com/example/gospreadsheet/conditional.go:62.2,63.11 2 1
github.com/example/gospreadsheet/conditional.go:67.87,74.2 1 1
github.com/example/gospreadsheet/conditional.go:77.75,84.2 1 1
github.com/example/gospreadsheet/conditional.go:87.67,93.2 1 1
github.com/example/gospreadsheet/coordinate.go:12.51,13.15 1 1
github.com/example/gospreadsheet/coordinate.go:13.15,15.3 1 1
github.com/example/gospreadsheet/coordinate.go:16.2,17.6 2 1
github.com/example/gospreadsheet/coordinate.go:17.6,20.16 3 1
github.com/example/gospreadsheet/coordinate.go:20.16,21.9 1 1
github.com/example/gospreadsheet/coordinate.go:24.2,24.20 1 1
github.com/example/gospreadsheet/coordinate.go:28.50,30.16 2 1
github.com/example/gospreadsheet/coordinate.go:30.16,32.3 1 1
github.com/example/gospreadsheet/coordinate.go:33.2,34.26 2 1
github.com/example/gospreadsheet/coordinate.go:34.26,35.27 1 1
github.com/example/gospreadsheet/coordinate.go:35.27,37.4 1 1
github.com/example/gospreadsheet/coordinate.go:38.3,38.39 1 1
github.com/example/gospreadsheet/coordinate.go:40.2,40.24 1 1
github.com/example/gospreadsheet/coordinate.go:51.61,53.15 2 1
github.com/example/gospreadsheet/coordinate.go:53.15,55.3 1 1
github.com/example/gospreadsheet/coordinate.go:58.2,60.25 3 1
github.com/example/gospreadsheet/coordinate.go:60.25,61.27 1 1
github.com/example/gospreadsheet/coordinate.go:61.27,62.21 1 1
github.com/example/gospreadsheet/coordinate.go:62.21,64.5 1 1
github.com/example/gospreadsheet/coordinate.go:65.4,65.25 1 1
github.com/example/gospreadsheet/coordinate.go:66.9,66.33 1 1
github.com/example/gospreadsheet/coordinate.go:66.33,68.4 1 1
github.com/example/gospreadsheet/coordinate.go:68.9,70.4 1 1
github.com/example/gospreadsheet/coordinate.go:73.2,73.36 1 1
github.com/example/gospreadsheet/coordinate.go:73.36,75.3 1 1
github.com/example/gospreadsheet/coordinate.go:77.2,78.16 2 1
github.com/example/gospreadsheet/coordinate.go:78.16,80.3 1 0
github.com/example/gospreadsheet/coordinate.go:82.2,83.27 2 1
github.com/example/gospreadsheet/coordinate.go:83.27,85.3 1 1
github.com/example/gospreadsheet/coordinate.go:87.2,91.8 1 1
github.com/example/gospreadsheet/coordinate.go:95.45,97.16 2 1
github.com/example/gospreadsheet/coordinate.go:97.16,99.3 1 1
github.com/example/gospreadsheet/coordinate.go:100.2,100.49 1 1
github.com/example/gospreadsheet/coordinate.go:104.74,106.21 2 1
github.com/example/gospreadsheet/coordinate.go:106.21,108.3 1 1
github.com/example/gospreadsheet/coordinate.go:109.2,110.16 2 1
github.com/example/gospreadsheet/coordinate.go:110.16,112.3 1 1
github.com/example/gospreadsheet/coordinate.go:113.2,114.16 2 1
github.com/example/gospreadsheet/coordinate.go:114.16,116.3 1 1
github.com/example/gospreadsheet/coordinate.go:117.2,117.24 1 1
github.com/example/gospreadsheet/csv.go:18.32,22.2 1 1
github.com/example/gospreadsheet/csv.go:25.62,27.16 2 1
github.com/example/gospreadsheet/csv.go:27.16,29.3 1 1
github.com/example/gospreadsheet/csv.go:30.2,31.18 2 1
github.com/example/gospreadsheet/csv.go:35.63,45.6 8 1
github.com/example/gospreadsheet/csv.go:45.6,47.20 2 1
github.com/example/gospreadsheet/csv.go:47.20,48.9 1 1
github.com/example/gospreadsheet/csv.go:50.3,50.17 1 1
github.com/example/gospreadsheet/csv.go:50.17,52.4 1 0
github.com/example/gospreadsheet/csv.go:53.3,53.32 1 1
github.com/example/gospreadsheet/csv.go:53.32,56.57 2 1
github.com/example/gospreadsheet/csv.go:56.57,58.5 1 1
github.com/example/gospreadsheet/csv.go:58.10,58.59 1 1
github.com/example/gospreadsheet/csv.go:58.59,60.5 1 1
github.com/example/gospreadsheet/csv.go:60.10,62.5 1 1
github.com/example/gospreadsheet/csv.go:64.3,64.8 1 1
github.com/example/gospreadsheet/csv.go:67.2,67.16 1 1
github.com/example/gospreadsheet/csv.go:77.32,81.2 1 1
github.com/example/gospreadsheet/csv.go:84.63,86.16 2 1
github.com/example/gospreadsheet/csv.go:86.16,88.3 1 1
github.com/example/gospreadsheet/csv.go:89.2,90.23 2 1
github.com/example/gospreadsheet/csv.go:94.65,96.16 2 1
github.com/example/gospreadsheet/csv.go:96.16,98.3 1 1
github.com/example/gospreadsheet/csv.go:100.2,105.16 5 1
github.com/example/gospreadsheet/csv.go:105.16,108.3 1 1
github.com/example/gospreadsheet/csv.go:110.2,110.27 1 1
github.com/example/gospreadsheet/csv.go:110.27,112.28 2 1
github.com/example/gospreadsheet/csv.go:112.28,113.19 1 1
github.com/example/gospreadsheet/csv.go:113.19,115.5 1 1
github.com/example/gospreadsheet/csv.go:117.3,117.49 1 1
github.com/example/gospreadsheet/csv.go:117.49,119.4 1 0
github.com/example/gospreadsheet/csv.go:122.2,122.26 1 1
github.com/example/gospreadsheet/functions.go:15.51,42.2 1 1
github.com/example/gospreadsheet/functions.go:45.97,48.29 3 1
github.com/example/gospreadsheet/functions.go:48.29,49.34 1 1
github.com/example/gospreadsheet/functions.go:49.34,51.18 2 1
github.com/example/gospreadsheet/functions.go:51.18,53.5 1 1
github.com/example/gospreadsheet/functions.go:54.4,54.27 1 1
github.com/example/gospreadsheet/functions.go:54.27,56.5 1 1
github.com/example/gospreadsheet/functions.go:57.9,59.18 2 1
github.com/example/gospreadsheet/functions.go:59.18,61.5 1 1
github.com/example/gospreadsheet/functions.go:62.4,62.41 1 1
github.com/example/gospreadsheet/functions.go:65.2,65.20 1 1
github.com/example/gospreadsheet/functions.go:68.84,70.16 2 1
github.com/example/gospreadsheet/functions.go:70.16,72.3 1 1
github.com/example/gospreadsheet/functions.go:73.2,74.27 2 1
github.com/example/gospreadsheet/functions.go:74.27,76.3 1 1
github.com/example/gospreadsheet/functions.go:77.2,77.17 1 1
github.com/example/gospreadsheet/functions.go:80.88,82.16 2 1
github.com/example/gospreadsheet/functions.go:82.16,84.3 1 1
github.com/example/gospreadsheet/functions.go:85.2,85.22 1 1
github.com/example/gospreadsheet/functions.go:85.22,87.3 1 0
github.com/example/gospreadsheet/functions.go:88.2,89.27 2 1
github.com/example/gospreadsheet/functions.go:89.27,91.3 1 1
github.com/example/gospreadsheet/functions.go:92.2,92.40 1 1
github.com/example/gospreadsheet/functions.go:95.86,97.16 2 1
github.com/example/gospreadsheet/functions.go:97.16,99.3 1 1
github.com/example/gospreadsheet/functions.go:100.2,100.34 1 1
github.com/example/gospreadsheet/functions.go:103.87,106.29 3 1
github.com/example/gospreadsheet/functions.go:106.29,107.34 1 1
github.com/example/gospreadsheet/functions.go:107.34,109.18 2 1
github.com/example/gospreadsheet/functions.go:109.18,111.5 1 1
github.com/example/gospreadsheet/functions.go:112.4,112.22 1 1
github.com/example/gospreadsheet/functions.go:113.9,115.32 2 1
github.com/example/gospreadsheet/functions.go:115.32,117.5 1 1
github.com/example/gospreadsheet/functions.go:120.2,120.28 1 1
github.com/example/gospreadsheet/functions.go:123.84,125.16 2 1
github.com/example/gospreadsheet/functions.go:125.16,127.3 1 1
github.com/example/gospreadsheet/functions.go:128.2,128.22 1 1
github.com/example/gospreadsheet/functions.go:128.22,130.3 1 1
github.com/example/gospreadsheet/functions.go:131.2,132.31 2 1
github.com/example/gospreadsheet/functions.go:132.31,133.14 1 1
github.com/example/gospreadsheet/functions.go:133.14,135.4 1 1
github.com/example/gospreadsheet/functions.go:137.2,137.17 1 1
github.com/example/gospreadsheet/functions.go:140.84,142.16 2 1
github.com/example/gospreadsheet/functions.go:142.16,144.3 1 1
github.com/example/gospreadsheet/functions.go:145.2,145.22 1 1
github.com/example/gospreadsheet/functions.go:145.22,147.3 1 1
github.com/example/gospreadsheet/functions.go:148.2,149.31 2 1
github.com/example/gospreadsheet/functions.go:149.31,150.14 1 1
github.com/example/gospreadsheet/functions.go:150.14,152.4 1 1
github.com/example/gospreadsheet/functions.go:154.2,154.17 1 1
github.com/example/gospreadsheet/functions.go:157.83,159.38 2 1
github.com/example/gospreadsheet/functions.go:159.38,161.3 1 1
github.com/example/gospreadsheet/functions.go:162.2,163.16 2 1
github.com/example/gospreadsheet/functions.go:163.16,165.3 1 1
github.com/example/gospreadsheet/functions.go:166.2,167.14 2 1
github.com/example/gospreadsheet/functions.go:167.14,169.3 1 1
github.com/example/gospreadsheet/functions.go:170.2,170.21 1 1
github.com/example/gospreadsheet/functions.go:170.21,172.3 1 1
github.com/example/gospreadsheet/functions.go:173.2,173.19 1 1
github.com/example/gospreadsheet/functions.go:176.84,178.16 2 1
github.com/example/gospreadsheet/functions.go:178.16,180.3 1 1
github.com/example/gospreadsheet/functions.go:181.2,181.36 1 1
github.com/example/gospreadsheet/functions.go:184.86,186.21 2 1
github.com/example/gospreadsheet/functions.go:186.21,188.3 1 1
github.com/example/gospreadsheet/functions.go:189.2,190.16 2 1
github.com/example/gospreadsheet/functions.go:190.16,192.3 1 1
github.com/example/gospreadsheet/functions.go:193.2,194.16 2 1
github.com/example/gospreadsheet/functions.go:194.16,196.3 1 1
github.com/example/gospreadsheet/functions.go:197.2,199.48 3 1
github.com/example/gospreadsheet/functions.go:202.85,204.16 2 1
github.com/example/gospreadsheet/functions.go:204.16,206.3 1 1
github.com/example/gospreadsheet/functions.go:207.2,208.11 2 1
github.com/example/gospreadsheet/functions.go:208.11,210.3 1 1
github.com/example/gospreadsheet/functions.go:211.2,211.26 1 1
github.com/example/gospreadsheet/functions.go:214.86,216.21 2 1
github.com/example/gospreadsheet/functions.go:216.21,218.3 1 1
github.com/example/gospreadsheet/functions.go:219.2,220.16 2 1
github.com/example/gospreadsheet/functions.go:220.16,222.3 1 1
github.com/example/gospreadsheet/functions.go:223.2,224.16 2 1
github.com/example/gospreadsheet/functions.go:224.16,226.3 1 1
github.com/example/gospreadsheet/functions.go:227.2,227.51 1 1
github.com/example/gospreadsheet/functions.go:230.84,232.21 2 1
github.com/example/gospreadsheet/functions.go:232.21,234.3 1 1
github.com/example/gospreadsheet/functions.go:235.2,236.16 2 1
github.com/example/gospreadsheet/functions.go:236.16,238.3 1 1
github.com/example/gospreadsheet/functions.go:239.2,240.16 2 1
github.com/example/gospreadsheet/functions.go:240.16,242.3 1 1
github.com/example/gospreadsheet/functions.go:243.2,244.12 2 1
github.com/example/gospreadsheet/functions.go:244.12,246.3 1 1
github.com/example/gospreadsheet/functions.go:247.2,247.39 1 1
github.com/example/gospreadsheet/functions.go:250.84,252.16 2 1
github.com/example/gospreadsheet/functions.go:252.16,254.3 1 1
github.com/example/gospreadsheet/functions.go:255.2,255.38 1 1
github.com/example/gospreadsheet/functions.go:258.84,260.16 2 1
github.com/example/gospreadsheet/functions.go:260.16,262.3 1 1
github.com/example/gospreadsheet/functions.go:263.2,264.33 2 1
github.com/example/gospreadsheet/functions.go:264.33,266.3 1 1
github.com/example/gospreadsheet/functions.go:267.2,267.37 1 1
github.com/example/gospreadsheet/functions.go:270.86,272.16 2 1
github.com/example/gospreadsheet/functions.go:272.16,274.3 1 1
github.com/example/gospreadsheet/functions.go:275.2,275.53 1 1
github.com/example/gospreadsheet/functions.go:278.86,280.16 2 1
github.com/example/gospreadsheet/functions.go:280.16,282.3 1 1
github.com/example/gospreadsheet/functions.go:283.2,283.53 1 1
github.com/example/gospreadsheet/functions.go:286.85,288.16 2 1
github.com/example/gospreadsheet/functions.go:288.16,290.3 1 1
github.com/example/gospreadsheet/functions.go:291.2,291.55 1 1
github.com/example/gospreadsheet/functions.go:294.85,296.21 2 1
github.com/example/gospreadsheet/functions.go:296.21,298.3 1 1
github.com/example/gospreadsheet/functions.go:299.2,300.16 2 1
github.com/example/gospreadsheet/functions.go:300.16,302.3 1 1
github.com/example/gospreadsheet/functions.go:303.2,304.16 2 1
github.com/example/gospreadsheet/functions.go:304.16,306.3 1 1
github.com/example/gospreadsheet/functions.go:307.2,308.33 2 1
github.com/example/gospreadsheet/functions.go:308.33,310.3 1 1
github.com/example/gospreadsheet/functions.go:311.2,313.24 3 1
github.com/example/gospreadsheet/functions.go:313.24,315.3 1 1
github.com/example/gospreadsheet/functions.go:316.2,316.15 1 1
github.com/example/gospreadsheet/functions.go:316.15,318.3 1 1
github.com/example/gospreadsheet/functions.go:319.2,319.35 1 1
github.com/example/gospreadsheet/functions.go:322.86,324.21 2 1
github.com/example/gospreadsheet/functions.go:324.21,326.3 1 1
github.com/example/gospreadsheet/functions.go:327.2,328.16 2 1
github.com/example/gospreadsheet/functions.go:328.16,330.3 1 1
github.com/example/gospreadsheet/functions.go:331.2,332.16 2 1
github.com/example/gospreadsheet/functions.go:332.16,334.3 1 1
github.com/example/gospreadsheet/functions.go:335.2,336.33 2 1
github.com/example/gospreadsheet/functions.go:336.33,338.3 1 1
github.com/example/gospreadsheet/functions.go:339.2,341.24 3 1
github.com/example/gospreadsheet/functions.go:341.24,343.3 1 1
github.com/example/gospreadsheet/functions.go:344.2,344.15 1 1
github.com/example/gospreadsheet/functions.go:344.15,346.3 1 1
github.com/example/gospreadsheet/functions.go:347.2,347.46 1 1
github.com/example/gospreadsheet/functions.go:350.84,352.21 2 1
github.com/example/gospreadsheet/functions.go:352.21,354.3 1 1
github.com/example/gospreadsheet/functions.go:355.2,356.16 2 1
github.com/example/gospreadsheet/functions.go:356.16,358.3 1 1
github.com/example/gospreadsheet/functions.go:359.2,360.16 2 1
github.com/example/gospreadsheet/functions.go:360.16,362.3 1 1
github.com/example/gospreadsheet/functions.go:363.2,364.16 2 1
github.com/example/gospreadsheet/functions.go:364.16,366.3 1 1
github.com/example/gospreadsheet/functions.go:367.2,368.33 2 1
github.com/example/gospreadsheet/functions.go:368.33,370.3 1 1
github.com/example/gospreadsheet/functions.go:371.2,374.15 4 1
github.com/example/gospreadsheet/functions.go:374.15,376.3 1 1
github.com/example/gospreadsheet/functions.go:377.2,377.25 1 1
github.com/example/gospreadsheet/functions.go:377.25,379.3 1 1
github.com/example/gospreadsheet/functions.go:380.2,381.22 2 1
github.com/example/gospreadsheet/functions.go:381.22,383.3 1 0
github.com/example/gospreadsheet/functions.go:384.2,384.38 1 1
github.com/example/gospreadsheet/functions.go:387.92,390.29 3 1
github.com/example/gospreadsheet/functions.go:390.29,392.17 2 1
github.com/example/gospreadsheet/functions.go:392.17,394.4 1 1
github.com/example/gospreadsheet/functions.go:395.3,395.32 1 1
github.com/example/gospreadsheet/functions.go:395.32,397.4 1 1
github.com/example/gospreadsheet/functions.go:397.9,399.4 1 1
github.com/example/gospreadsheet/functions.go:401.2,401.20 1 1
github.com/example/gospreadsheet/functions.go:404.87,406.16 2 1
github.com/example/gospreadsheet/functions.go:406.16,408.3 1 1
github.com/example/gospreadsheet/functions.go:409.2,409.22 1 1
github.com/example/gospreadsheet/functions.go:409.22,411.3 1 0
github.com/example/gospreadsheet/functions.go:412.2,414.14 3 1
github.com/example/gospreadsheet/functions.go:414.14,416.3 1 1
github.com/example/gospreadsheet/functions.go:417.2,417.25 1 1
github.com/example/gospreadsheet/functions.go:420.86,422.38 2 1
github.com/example/gospreadsheet/functions.go:422.38,424.3 1 1
github.com/example/gospreadsheet/functions.go:426.2,429.21 4 1
github.com/example/gospreadsheet/functions.go:429.21,431.3 1 1
github.com/example/gospreadsheet/functions.go:433.2,434.16 2 1
github.com/example/gospreadsheet/functions.go:434.16,436.3 1 1
github.com/example/gospreadsheet/functions.go:437.2,438.16 2 1
github.com/example/gospreadsheet/functions.go:438.16,440.3 1 1
github.com/example/gospreadsheet/functions.go:442.2,443.34 2 1
github.com/example/gospreadsheet/functions.go:443.34,444.56 1 1
github.com/example/gospreadsheet/functions.go:444.56,446.4 1 1
github.com/example/gospreadsheet/functions.go:448.2,448.17 1 1
github.com/example/gospreadsheet/functions.go:451.88,453.21 2 1
github.com/example/gospreadsheet/functions.go:453.21,455.3 1 1
github.com/example/gospreadsheet/functions.go:457.2,461.16 4 1
github.com/example/gospreadsheet/functions.go:461.16,463.3 1 1
github.com/example/gospreadsheet/functions.go:465.2,466.27 2 1
github.com/example/gospreadsheet/functions.go:466.27,467.35 1 1
github.com/example/gospreadsheet/functions.go:467.35,469.4 1 1
github.com/example/gospreadsheet/functions.go:471.2,471.19 1 1
github.com/example/gospreadsheet/functions.go:476.63,477.39 1 1
github.com/example/gospreadsheet/functions.go:477.39,479.17 2 1
github.com/example/gospreadsheet/functions.go:479.17,481.4 1 1
github.com/example/gospreadsheet/functions.go:482.3,482.37 1 1
github.com/example/gospreadsheet/functions.go:484.2,484.39 1 1
github.com/example/gospreadsheet/functions.go:484.39,486.17 2 1
github.com/example/gospreadsheet/functions.go:486.17,488.4 1 1
github.com/example/gospreadsheet/functions.go:489.3,489.37 1 1
github.com/example/gospreadsheet/functions.go:491.2,491.39 1 1
github.com/example/gospreadsheet/functions.go:491.39,493.3 1 1
github.com/example/gospreadsheet/functions.go:494.2,494.38 1 1
github.com/example/gospreadsheet/functions.go:494.38,496.17 2 1
github.com/example/gospreadsheet/functions.go:496.17,498.4 1 1
github.com/example/gospreadsheet/functions.go:499.3,499.36 1 1
github.com/example/gospreadsheet/functions.go:501.2,501.38 1 1
github.com/example/gospreadsheet/functions.go:501.38,503.17 2 1
github.com/example/gospreadsheet/functions.go:503.17,505.4 1 1
github.com/example/gospreadsheet/functions.go:506.3,506.36 1 1
github.com/example/gospreadsheet/functions.go:509.2,509.60 1 1
github.com/example/gospreadsheet/functions.go:509.60,511.3 1 1
github.com/example/gospreadsheet/functions.go:512.2,512.62 1 1
github.com/example/gospreadsheet/hyperlink.go:10.42,12.2 1 1
github.com/example/gospreadsheet/hyperlink.go:15.59,18.2 2 1
github.com/example/gospreadsheet/iofactory.go:10.51,12.13 2 1
github.com/example/gospreadsheet/iofactory.go:13.15,14.40 1 1
github.com/example/gospreadsheet/iofactory.go:15.14,16.39 1 1
github.com/example/gospreadsheet/iofactory.go:17.10,18.61 1 1
github.com/example/gospreadsheet/iofactory.go:23.52,25.13 2 1
github.com/example/gospreadsheet/iofactory.go:26.15,27.44 1 1
github.com/example/gospreadsheet/iofactory.go:28.14,29.43 1 1
github.com/example/gospreadsheet/iofactory.go:30.10,31.56 1 1
github.com/example/gospreadsheet/pagesetup.go:39.39,48.2 1 1
github.com/example/gospreadsheet/pagesetup.go:83.32,90.2 1 1
github.com/example/gospreadsheet/pagesetup.go:93.62,96.2 2 1
github.com/example/gospreadsheet/pagesetup.go:99.63,102.2 2 1
github.com/example/gospreadsheet/pagesetup.go:105.53,106.16 1 1
github.com/example/gospreadsheet/pagesetup.go:106.16,108.3 1 1
github.com/example/gospreadsheet/pagesetup.go:109.2,109.17 1 1
github.com/example/gospreadsheet/pagesetup.go:109.17,111.3 1 1
github.com/example/gospreadsheet/pagesetup.go:112.2,113.11 2 1
github.com/example/gospreadsheet/pagesetup.go:117.65,121.2 3 1
github.com/example/gospreadsheet/pagesetup.go:124.59,127.2 2 1
github.com/example/gospreadsheet/pagesetup.go:130.63,133.2 2 1
github.com/example/gospreadsheet/pagesetup.go:136.60,139.2 2 1
github.com/example/gospreadsheet/pagesetup.go:142.63,145.2 2 1
github.com/example/gospreadsheet/protection.go:31.44,37.2 1 1
github.com/example/gospreadsheet/protection.go:40.74,43.2 2 1
github.com/example/gospreadsheet/protection.go:46.64,49.2 2 1
github.com/example/gospreadsheet/protection.go:52.63,55.2 2 1
github.com/example/gospreadsheet/protection.go:58.63,61.2 2 1
github.com/example/gospreadsheet/protection.go:64.57,67.2 2 1
github.com/example/gospreadsheet/protection.go:70.63,73.2 2 1
github.com/example/gospreadsheet/protection.go:76.43,78.22 2 1
github.com/example/gospreadsheet/protection.go:78.22,80.3 1 1
github.com/example/gospreadsheet/protection.go:81.2,84.54 4 1
github.com/example/gospreadsheet/protection.go:95.50,99.2 1 1
github.com/example/gospreadsheet/protection.go:102.80,105.2 2 1
github.com/example/gospreadsheet/richtext.go:15.30,17.2 1 1
github.com/example/gospreadsheet/richtext.go:20.63,23.2 2 1
github.com/example/gospreadsheet/richtext.go:26.40,28.30 2 1
github.com/example/gospreadsheet/richtext.go:28.30,30.3 1 1
github.com/example/gospreadsheet/richtext.go:31.2,31.15 1 1
github.com/example/gospreadsheet/spreadsheet.go:39.34,45.2 1 1
github.com/example/gospreadsheet/spreadsheet.go:48.46,49.14 1 1
github.com/example/gospreadsheet/spreadsheet.go:49.14,53.3 3 1
github.com/example/gospreadsheet/spreadsheet.go:54.2,54.25 1 1
github.com/example/gospreadsheet/spreadsheet.go:55.14,57.26 2 1
github.com/example/gospreadsheet/spreadsheet.go:58.11,60.27 2 1
github.com/example/gospreadsheet/spreadsheet.go:61.13,63.27 2 1
github.com/example/gospreadsheet/spreadsheet.go:64.13,66.27 2 1
github.com/example/gospreadsheet/spreadsheet.go:67.15,69.27 2 1
github.com/example/gospreadsheet/spreadsheet.go:70.15,72.27 2 1
github.com/example/gospreadsheet/spreadsheet.go:73.12,75.24 2 1
github.com/example/gospreadsheet/spreadsheet.go:76.17,78.24 2 1
github.com/example/gospreadsheet/spreadsheet.go:79.10,81.26 2 1
github.com/example/gospreadsheet/spreadsheet.go:83.2,83.10 1 1
github.com/example/gospreadsheet/spreadsheet.go:87.49,91.2 3 1
github.com/example/gospreadsheet/spreadsheet.go:94.41,97.2 2 1
github.com/example/gospreadsheet/spreadsheet.go:100.40,101.20 1 1
github.com/example/gospreadsheet/spreadsheet.go:101.20,103.3 1 1
github.com/example/gospreadsheet/spreadsheet.go:104.2,104.29 1 1
github.com/example/gospreadsheet/spreadsheet.go:105.14,106.11 1 1
github.com/example/gospreadsheet/spreadsheet.go:107.15,108.29 1 1
github.com/example/gospreadsheet/spreadsheet.go:108.29,110.4 1 1
github.com/example/gospreadsheet/spreadsheet.go:111.3,111.30 1 1
github.com/example/gospreadsheet/spreadsheet.go:112.12,113.8 1 1
github.com/example/gospreadsheet/spreadsheet.go:113.8,115.4 1 1
github.com/example/gospreadsheet/spreadsheet.go:116.3,116.17 1 1
github.com/example/gospreadsheet/spreadsheet.go:117.17,118.41 1 1
github.com/example/gospreadsheet/spreadsheet.go:119.10,120.30 1 1
github.com/example/gospreadsheet/spreadsheet.go:125.51,126.31 1 1
github.com/example/gospreadsheet/spreadsheet.go:126.31,127.37 1 1
github.com/example/gospreadsheet/spreadsheet.go:127.37,129.4 1 1
github.com/example/gospreadsheet/spreadsheet.go:131.2,131.45 1 1
github.com/example/gospreadsheet/spreadsheet.go:135.45,136.28 1 1
github.com/example/gospreadsheet/spreadsheet.go:136.28,137.34 1 1
github.com/example/gospreadsheet/spreadsheet.go:137.34,139.4 1 1
github.com/example/gospreadsheet/spreadsheet.go:141.2,141.49 1 1
github.com/example/gospreadsheet/spreadsheet.go:145.50,146.28 1 1
github.com/example/gospreadsheet/spreadsheet.go:146.28,147.39 1 1
github.com/example/gospreadsheet/spreadsheet.go:147.39,149.4 1 1
github.com/example/gospreadsheet/spreadsheet.go:151.2,151.54 1 1
github.com/example/gospreadsheet/spreadsheet.go:155.26,155.42 1 1
github.com/example/gospreadsheet/spreadsheet.go:158.26,158.42 1 1
github.com/example/gospreadsheet/spreadsheet.go:161.49,164.2 2 1
github.com/example/gospreadsheet/spreadsheet.go:167.51,170.2 2 1
github.com/example/gospreadsheet/spreadsheet.go:173.48,176.15 3 1
github.com/example/gospreadsheet/spreadsheet.go:176.15,178.3 1 1
github.com/example/gospreadsheet/spreadsheet.go:179.2,179.10 1 1
github.com/example/gospreadsheet/style.go:107.24,109.2 1 1
github.com/example/gospreadsheet/style.go:112.41,115.2 2 1
github.com/example/gospreadsheet/style.go:118.41,121.2 2 1
github.com/example/gospreadsheet/style.go:124.47,127.2 2 1
github.com/example/gospreadsheet/style.go:130.51,133.2 2 1
github.com/example/gospreadsheet/style.go:136.58,139.2 2 1
github.com/example/gospreadsheet/style.go:142.26,147.2 1 1
github.com/example/gospreadsheet/validation.go:58.57,67.2 1 1
github.com/example/gospreadsheet/validation.go:70.69,73.2 2 1
github.com/example/gospreadsheet/validation.go:76.78,79.2 2 1
github.com/example/gospreadsheet/validation.go:82.65,85.2 2 1
github.com/example/gospreadsheet/validation.go:88.65,91.2 2 1
github.com/example/gospreadsheet/validation.go:94.82,99.2 4 1
github.com/example/gospreadsheet/validation.go:102.83,107.2 4 1
github.com/example/gospreadsheet/validation.go:110.74,113.27 3 1
github.com/example/gospreadsheet/validation.go:113.27,114.12 1 1
github.com/example/gospreadsheet/validation.go:114.12,116.4 1 1
github.com/example/gospreadsheet/validation.go:117.3,117.26 1 1
github.com/example/gospreadsheet/validation.go:119.2,120.11 2 1
github.com/example/gospreadsheet/workbook.go:28.22,38.2 6 1
github.com/example/gospreadsheet/workbook.go:41.27,46.2 1 1
github.com/example/gospreadsheet/workbook.go:49.64,50.35 1 1
github.com/example/gospreadsheet/workbook.go:50.35,51.24 1 1
github.com/example/gospreadsheet/workbook.go:51.24,53.4 1 1
github.com/example/gospreadsheet/workbook.go:55.2,59.16 5 1
github.com/example/gospreadsheet/workbook.go:63.61,64.46 1 1
github.com/example/gospreadsheet/workbook.go:64.46,66.3 1 1
github.com/example/gospreadsheet/workbook.go:67.2,67.34 1 1
github.com/example/gospreadsheet/workbook.go:71.70,72.35 1 1
github.com/example/gospreadsheet/workbook.go:72.35,73.24 1 1
github.com/example/gospreadsheet/workbook.go:73.24,75.4 1 1
github.com/example/gospreadsheet/workbook.go:77.2,77.57 1 1
github.com/example/gospreadsheet/workbook.go:81.38,83.2 1 1
github.com/example/gospreadsheet/workbook.go:86.46,88.35 2 1
github.com/example/gospreadsheet/workbook.go:88.35,90.3 1 1
github.com/example/gospreadsheet/workbook.go:91.2,91.14 1 1
github.com/example/gospreadsheet/workbook.go:95.50,96.46 1 1
github.com/example/gospreadsheet/workbook.go:96.46,98.3 1 1
github.com/example/gospreadsheet/workbook.go:99.2,99.29 1 1
github.com/example/gospreadsheet/workbook.go:99.29,101.3 1 1
github.com/example/gospreadsheet/workbook.go:102.2,104.35 2 1
github.com/example/gospreadsheet/workbook.go:104.35,106.3 1 1
github.com/example/gospreadsheet/workbook.go:107.2,107.42 1 1
github.com/example/gospreadsheet/workbook.go:107.42,109.3 1 1
github.com/example/gospreadsheet/workbook.go:110.2,110.12 1 1
github.com/example/gospreadsheet/workbook.go:114.49,115.29 1 1
github.com/example/gospreadsheet/workbook.go:115.29,117.3 1 1
github.com/example/gospreadsheet/workbook.go:118.2,118.38 1 1
github.com/example/gospreadsheet/workbook.go:122.53,123.46 1 1
github.com/example/gospreadsheet/workbook.go:123.46,125.3 1 1
github.com/example/gospreadsheet/workbook.go:126.2,127.12 2 1
github.com/example/gospreadsheet/workbook.go:131.59,133.2 1 1
github.com/example/gospreadsheet/workbook.go:136.64,138.9 2 1
github.com/example/gospreadsheet/workbook.go:138.9,140.3 1 1
github.com/example/gospreadsheet/workbook.go:141.2,141.17 1 1
github.com/example/gospreadsheet/workbook.go:145.56,147.35 2 1
github.com/example/gospreadsheet/workbook.go:147.35,149.3 1 1
github.com/example/gospreadsheet/workbook.go:150.2,150.15 1 1
github.com/example/gospreadsheet/worksheet.go:36.44,43.2 1 1
github.com/example/gospreadsheet/worksheet.go:46.37,48.2 1 1
github.com/example/gospreadsheet/worksheet.go:51.56,54.2 2 1
github.com/example/gospreadsheet/worksheet.go:56.35,58.2 1 1
github.com/example/gospreadsheet/worksheet.go:62.50,64.32 2 1
github.com/example/gospreadsheet/worksheet.go:64.32,66.3 1 1
github.com/example/gospreadsheet/worksheet.go:67.2,69.10 3 1
github.com/example/gospreadsheet/worksheet.go:73.63,75.16 2 1
github.com/example/gospreadsheet/worksheet.go:75.16,77.3 1 1
github.com/example/gospreadsheet/worksheet.go:78.2,78.48 1 1
github.com/example/gospreadsheet/worksheet.go:82.72,84.16 2 1
github.com/example/gospreadsheet/worksheet.go:84.16,86.3 1 1
github.com/example/gospreadsheet/worksheet.go:87.2,88.12 2 1
github.com/example/gospreadsheet/worksheet.go:92.71,94.16 2 1
github.com/example/gospreadsheet/worksheet.go:94.16,96.3 1 1
github.com/example/gospreadsheet/worksheet.go:97.2,98.12 2 1
github.com/example/gospreadsheet/worksheet.go:102.67,104.16 2 1
github.com/example/gospreadsheet/worksheet.go:104.16,106.3 1 1
github.com/example/gospreadsheet/worksheet.go:107.2,108.12 2 1
github.com/example/gospreadsheet/worksheet.go:112.68,114.16 2 1
github.com/example/gospreadsheet/worksheet.go:114.16,116.3 1 1
github.com/example/gospreadsheet/worksheet.go:117.2,117.24 1 1
github.com/example/gospreadsheet/worksheet.go:121.56,123.16 2 1
github.com/example/gospreadsheet/worksheet.go:123.16,125.3 1 1
github.com/example/gospreadsheet/worksheet.go:126.2,132.12 2 1
github.com/example/gospreadsheet/worksheet.go:136.50,138.2 1 1
github.com/example/gospreadsheet/worksheet.go:141.72,144.2 2 1
github.com/example/gospreadsheet/worksheet.go:147.54,148.36 1 1
github.com/example/gospreadsheet/worksheet.go:148.36,150.3 1 1
github.com/example/gospreadsheet/worksheet.go:151.2,151.13 1 1
github.com/example/gospreadsheet/worksheet.go:155.71,158.2 2 1
github.com/example/gospreadsheet/worksheet.go:161.52,162.37 1 1
github.com/example/gospreadsheet/worksheet.go:162.37,164.3 1 1
github.com/example/gospreadsheet/worksheet.go:165.2,165.13 1 1
github.com/example/gospreadsheet/worksheet.go:169.51,171.16 2 1
github.com/example/gospreadsheet/worksheet.go:171.16,173.3 1 1
github.com/example/gospreadsheet/worksheet.go:174.2,175.12 2 1
github.com/example/gospreadsheet/worksheet.go:179.53,181.2 1 1
github.com/example/gospreadsheet/worksheet.go:185.83,186.24 1 1
github.com/example/gospreadsheet/worksheet.go:186.24,188.3 1 1
github.com/example/gospreadsheet/worksheet.go:189.2,190.29 2 1
github.com/example/gospreadsheet/worksheet.go:190.29,191.67 1 1
github.com/example/gospreadsheet/worksheet.go:191.67,192.12 1 0
github.com/example/gospreadsheet/worksheet.go:194.3,194.12 1 1
github.com/example/gospreadsheet/worksheet.go:194.12,198.12 4 1
github.com/example/gospreadsheet/worksheet.go:200.3,200.21 1 1
github.com/example/gospreadsheet/worksheet.go:200.21,202.4 1 1
github.com/example/gospreadsheet/worksheet.go:203.3,203.21 1 1
github.com/example/gospreadsheet/worksheet.go:203.21,205.4 1 1
github.com/example/gospreadsheet/worksheet.go:206.3,206.21 1 1
github.com/example/gospreadsheet/worksheet.go:206.21,208.4 1 1
github.com/example/gospreadsheet/worksheet.go:209.3,209.21 1 1
github.com/example/gospreadsheet/worksheet.go:209.21,211.4 1 1
github.com/example/gospreadsheet/worksheet.go:213.2,213.11 1 1
github.com/example/gospreadsheet/worksheet.go:213.11,215.3 1 0
github.com/example/gospreadsheet/worksheet.go:216.2,216.8 1 1
github.com/example/gospreadsheet/worksheet.go:220.57,222.16 2 1
github.com/example/gospreadsheet/worksheet.go:222.16,224.3 1 1
github.com/example/gospreadsheet/worksheet.go:225.2,226.22 2 1
github.com/example/gospreadsheet/worksheet.go:226.22,228.22 2 1
github.com/example/gospreadsheet/worksheet.go:228.22,230.34 2 1
github.com/example/gospreadsheet/worksheet.go:230.34,232.5 1 1
github.com/example/gospreadsheet/worksheet.go:234.3,234.16 1 1
github.com/example/gospreadsheet/worksheet.go:236.2,236.18 1 1
github.com/example/gospreadsheet/worksheet.go:240.38,242.29 2 1
github.com/example/gospreadsheet/worksheet.go:242.29,243.67 1 1
github.com/example/gospreadsheet/worksheet.go:243.67,245.4 1 1
github.com/example/gospreadsheet/worksheet.go:247.2,247.14 1 1
github.com/example/gospreadsheet/worksheet.go:251.41,253.29 2 1
github.com/example/gospreadsheet/worksheet.go:253.29,254.67 1 1
github.com/example/gospreadsheet/worksheet.go:254.67,256.4 1 1
github.com/example/gospreadsheet/worksheet.go:258.2,258.40 1 1
github.com/example/gospreadsheet/worksheet.go:258.40,259.35 1 1
github.com/example/gospreadsheet/worksheet.go:259.35,261.4 1 1
github.com/example/gospreadsheet/worksheet.go:262.3,262.37 1 1
github.com/example/gospreadsheet/worksheet.go:264.2,264.14 1 1
github.com/example/gospreadsheet/worksheet.go:268.85,271.2 2 1
github.com/example/gospreadsheet/worksheet.go:274.75,276.2 1 1
github.com/example/gospreadsheet/worksheet.go:279.71,282.2 2 1
github.com/example/gospreadsheet/worksheet.go:285.61,287.2 1 1
github.com/example/gospreadsheet/worksheet.go:290.63,293.2 2 1
github.com/example/gospreadsheet/worksheet.go:296.50,298.2 1 1
github.com/example/gospreadsheet/worksheet.go:301.61,304.2 2 1
github.com/example/gospreadsheet/worksheet.go:307.48,308.25 1 1
github.com/example/gospreadsheet/worksheet.go:308.25,310.3 1 1
github.com/example/gospreadsheet/worksheet.go:311.2,311.21 1 1
github.com/example/gospreadsheet/worksheet.go:315.73,318.2 2 1
github.com/example/gospreadsheet/worksheet.go:321.60,323.2 1 1
github.com/example/gospreadsheet/worksheet.go:326.59,329.2 2 1
github.com/example/gospreadsheet/worksheet.go:332.43,334.2 1 1
github.com/example/gospreadsheet/worksheet.go:337.69,339.16 2 1
github.com/example/gospreadsheet/worksheet.go:339.16,341.3 1 1
github.com/example/gospreadsheet/worksheet.go:342.2,343.12 2 1
github.com/example/gospreadsheet/worksheet.go:347.76,349.16 2 1
github.com/example/gospreadsheet/worksheet.go:349.16,351.3 1 1
github.com/example/gospreadsheet/worksheet.go:352.2,353.12 2 1
github.com/example/gospreadsheet/worksheet.go:357.44,359.34 2 1
github.com/example/gospreadsheet/worksheet.go:359.34,360.25 1 1
github.com/example/gospreadsheet/worksheet.go:360.25,363.4 2 1
github.com/example/gospreadsheet/worksheet.go:363.9,365.4 1 1
github.com/example/gospreadsheet/worksheet.go:367.2,370.31 2 1
github.com/example/gospreadsheet/worksheet.go:370.31,371.42 1 1
github.com/example/gospreadsheet/worksheet.go:371.42,373.4 1 1
github.com/example/gospreadsheet/worksheet.go:374.3,374.40 1 1
github.com/example/gospreadsheet/worksheet.go:374.40,376.4 1 1
github.com/example/gospreadsheet/worksheet.go:380.2,381.34 2 1
github.com/example/gospreadsheet/worksheet.go:381.34,382.18 1 1
github.com/example/gospreadsheet/worksheet.go:382.18,384.4 1 1
github.com/example/gospreadsheet/worksheet.go:384.9,386.4 1 0
github.com/example/gospreadsheet/worksheet.go:388.2,388.28 1 1
github.com/example/gospreadsheet/worksheet.go:392.44,394.32 2 1
github.com/example/gospreadsheet/worksheet.go:394.32,395.25 1 1
github.com/example/gospreadsheet/worksheet.go:395.25,396.12 1 1
github.com/example/gospreadsheet/worksheet.go:398.3,398.24 1 1
github.com/example/gospreadsheet/worksheet.go:398.24,400.4 1 1
github.com/example/gospreadsheet/worksheet.go:401.3,401.47 1 1
github.com/example/gospreadsheet/worksheet.go:403.2,407.35 3 1
github.com/example/gospreadsheet/worksheet.go:407.35,408.51 1 1
github.com/example/gospreadsheet/worksheet.go:408.51,409.12 1 1
github.com/example/gospreadsheet/worksheet.go:411.3,411.27 1 1
github.com/example/gospreadsheet/worksheet.go:411.27,413.4 1 1
github.com/example/gospreadsheet/worksheet.go:414.3,414.25 1 1
github.com/example/gospreadsheet/worksheet.go:414.25,416.4 1 1
github.com/example/gospreadsheet/worksheet.go:417.3,417.36 1 1
github.com/example/gospreadsheet/worksheet.go:419.2,423.34 3 1
github.com/example/gospreadsheet/worksheet.go:423.34,424.18 1 1
github.com/example/gospreadsheet/worksheet.go:424.18,425.12 1 1
github.com/example/gospreadsheet/worksheet.go:427.3,427.17 1 1
github.com/example/gospreadsheet/worksheet.go:427.17,429.4 1 1
github.com/example/gospreadsheet/worksheet.go:429.9,431.4 1 1
github.com/example/gospreadsheet/worksheet.go:433.2,433.28 1 1
github.com/example/gospreadsheet/worksheet.go:437.47,439.34 2 1
github.com/example/gospreadsheet/worksheet.go:439.34,440.25 1 1
github.com/example/gospreadsheet/worksheet.go:440.25,443.4 2 1
github.com/example/gospreadsheet/worksheet.go:443.9,445.4 1 1
github.com/example/gospreadsheet/worksheet.go:447.2,450.31 2 1
github.com/example/gospreadsheet/worksheet.go:450.31,451.42 1 1
github.com/example/gospreadsheet/worksheet.go:451.42,453.4 1 1
github.com/example/gospreadsheet/worksheet.go:454.3,454.40 1 1
github.com/example/gospreadsheet/worksheet.go:454.40,456.4 1 1
github.com/example/gospreadsheet/worksheet.go:460.2,461.33 2 1
github.com/example/gospreadsheet/worksheet.go:461.33,462.18 1 1
github.com/example/gospreadsheet/worksheet.go:462.18,464.4 1 1
github.com/example/gospreadsheet/worksheet.go:464.9,466.4 1 0
github.com/example/gospreadsheet/worksheet.go:468.2,468.26 1 1
github.com/example/gospreadsheet/worksheet.go:472.47,474.32 2 1
github.com/example/gospreadsheet/worksheet.go:474.32,475.25 1 1
github.com/example/gospreadsheet/worksheet.go:475.25,476.12 1 1
github.com/example/gospreadsheet/worksheet.go:478.3,478.24 1 1
github.com/example/gospreadsheet/worksheet.go:478.24,480.4 1 1
github.com/example/gospreadsheet/worksheet.go:481.3,481.47 1 1
github.com/example/gospreadsheet/worksheet.go:483.2,487.35 3 1
github.com/example/gospreadsheet/worksheet.go:487.35,488.51 1 1
github.com/example/gospreadsheet/worksheet.go:488.51,489.12 1 1
github.com/example/gospreadsheet/worksheet.go:491.3,491.27 1 1
github.com/example/gospreadsheet/worksheet.go:491.27,493.4 1 1
github.com/example/gospreadsheet/worksheet.go:494.3,494.25 1 1
github.com/example/gospreadsheet/worksheet.go:494.25,496.4 1 1
github.com/example/gospreadsheet/worksheet.go:497.3,497.36 1 1
github.com/example/gospreadsheet/worksheet.go:499.2,503.33 3 1
github.com/example/gospreadsheet/worksheet.go:503.33,504.18 1 1
github.com/example/gospreadsheet/worksheet.go:504.18,505.12 1 0
github.com/example/gospreadsheet/worksheet.go:507.3,507.17 1 1
github.com/example/gospreadsheet/worksheet.go:507.17,509.4 1 1
github.com/example/gospreadsheet/worksheet.go:509.9,511.4 1 1
github.com/example/gospreadsheet/worksheet.go:513.2,513.26 1 1
github.com/example/gospreadsheet/worksheet.go:517.50,519.16 2 1
github.com/example/gospreadsheet/worksheet.go:519.16,521.3 1 1
github.com/example/gospreadsheet/worksheet.go:522.2,522.42 1 1
github.com/example/gospreadsheet/worksheet.go:522.42,524.42 2 1
github.com/example/gospreadsheet/worksheet.go:524.42,530.4 5 1
github.com/example/gospreadsheet/xlsx_reader.go:17.34,19.2 1 1
github.com/example/gospreadsheet/xlsx_reader.go:22.63,24.16 2 1
github.com/example/gospreadsheet/xlsx_reader.go:24.16,26.3 1 1
github.com/example/gospreadsheet/xlsx_reader.go:27.2,30.16 3 1
github.com/example/gospreadsheet/xlsx_reader.go:30.16,32.3 1 0
github.com/example/gospreadsheet/xlsx_reader.go:34.2,34.31 1 1
github.com/example/gospreadsheet/xlsx_reader.go:38.78,40.16 2 1
github.com/example/gospreadsheet/xlsx_reader.go:40.16,42.3 1 1
github.com/example/gospreadsheet/xlsx_reader.go:44.2,48.16 3 1
github.com/example/gospreadsheet/xlsx_reader.go:48.16,50.3 1 1
github.com/example/gospreadsheet/xlsx_reader.go:53.2,54.16 2 1
github.com/example/gospreadsheet/xlsx_reader.go:54.16,56.3 1 1
github.com/example/gospreadsheet/xlsx_reader.go:59.2,60.16 2 1
github.com/example/gospreadsheet/xlsx_reader.go:60.16,62.3 1 1
github.com/example/gospreadsheet/xlsx_reader.go:65.2,68.32 2 1
github.com/example/gospreadsheet/xlsx_reader.go:68.32,70.10 2 1
github.com/example/gospreadsheet/xlsx_reader.go:70.10,71.12 1 1
github.com/example/gospreadsheet/xlsx_reader.go:73.3,74.17 2 1
github.com/example/gospreadsheet/xlsx_reader.go:74.17,76.4 1 0
github.com/example/gospreadsheet/xlsx_reader.go:77.3,77.63 1 1
github.com/example/gospreadsheet/xlsx_reader.go:77.63,79.4 1 1
github.com/example/gospreadsheet/xlsx_reader.go:82.2,82.16 1 1
github.com/example/gospreadsheet/xlsx_reader.go:90.78,92.16 2 1
github.com/example/gospreadsheet/xlsx_reader.go:92.16,94.3 1 1
github.com/example/gospreadsheet/xlsx_reader.go:96.2,106.53 4 1
github.com/example/gospreadsheet/xlsx_reader.go:106.53,108.3 1 1
github.com/example/gospreadsheet/xlsx_reader.go:110.2,111.34 2 1
github.com/example/gospreadsheet/xlsx_reader.go:111.34,113.3 1 1
github.com/example/gospreadsheet/xlsx_reader.go:114.2,114.19 1 1
github.com/example/gospreadsheet/xlsx_reader.go:117.82,119.16 2 1
github.com/example/gospreadsheet/xlsx_reader.go:119.16,121.3 1 1
github.com/example/gospreadsheet/xlsx_reader.go:123.2,132.51 4 1
github.com/example/gospreadsheet/xlsx_reader.go:132.51,134.3 1 1
github.com/example/gospreadsheet/xlsx_reader.go:136.2,137.32 2 1
github.com/example/gospreadsheet/xlsx_reader.go:137.32,139.3 1 1
github.com/example/gospreadsheet/xlsx_reader.go:140.2,140.20 1 1
github.com/example/gospreadsheet/xlsx_reader.go:143.74,145.16 2 1
github.com/example/gospreadsheet/xlsx_reader.go:145.16,148.3 1 1
github.com/example/gospreadsheet/xlsx_reader.go:150.2,161.50 5 1
github.com/example/gospreadsheet/xlsx_reader.go:161.50,163.3 1 1
github.com/example/gospreadsheet/xlsx_reader.go:165.2,166.28 2 1
github.com/example/gospreadsheet/xlsx_reader.go:166.28,168.3 1 1
github.com/example/gospreadsheet/xlsx_reader.go:169.2,169.21 1 1
github.com/example/gospreadsheet/xlsx_reader.go:172.95,174.16 2 1
github.com/example/gospreadsheet/xlsx_reader.go:174.16,176.3 1 1
github.com/example/gospreadsheet/xlsx_reader.go:178.2,201.56 7 1
github.com/example/gospreadsheet/xlsx_reader.go:201.56,203.3 1 1
github.com/example/gospreadsheet/xlsx_reader.go:205.2,205.37 1 1
github.com/example/gospreadsheet/xlsx_reader.go:205.37,206.31 1 1
github.com/example/gospreadsheet/xlsx_reader.go:206.31,208.18 2 1
github.com/example/gospreadsheet/xlsx_reader.go:208.18,209.13 1 1
github.com/example/gospreadsheet/xlsx_reader.go:211.4,213.23 2 1
github.com/example/gospreadsheet/xlsx_reader.go:213.23,215.13 2 1
github.com/example/gospreadsheet/xlsx_reader.go:218.4,218.18 1 1
github.com/example/gospreadsheet/xlsx_reader.go:219.13,221.48 2 1
github.com/example/gospreadsheet/xlsx_reader.go:221.48,223.6 1 1
github.com/example/gospreadsheet/xlsx_reader.go:224.13,225.40 1 1
github.com/example/gospreadsheet/xlsx_reader.go:226.13,228.30 2 1
github.com/example/gospreadsheet/xlsx_reader.go:229.15,230.33 1 1
github.com/example/gospreadsheet/xlsx_reader.go:231.12,232.28 1 1
github.com/example/gospreadsheet/xlsx_reader.go:232.28,233.69 1 1
github.com/example/gospreadsheet/xlsx_reader.go:233.69,235.7 1 1
github.com/example/gospreadsheet/xlsx_reader.go:235.12,237.7 1 1
github.com/example/gospreadsheet/xlsx_reader.go:244.2,244.42 1 1
github.com/example/gospreadsheet/xlsx_reader.go:244.42,245.47 1 1
github.com/example/gospreadsheet/xlsx_reader.go:245.47,246.12 1 1
github.com/example/gospreadsheet/xlsx_reader.go:250.2,250.12 1 1
github.com/example/gospreadsheet/xlsx_reader.go:253.71,255.16 2 1
github.com/example/gospreadsheet/xlsx_reader.go:255.16,257.3 1 1
github.com/example/gospreadsheet/xlsx_reader.go:259.2,270.51 3 1
github.com/example/gospreadsheet/xlsx_reader.go:270.51,272.3 1 1
github.com/example/gospreadsheet/xlsx_reader.go:274.2,280.52 7 1
github.com/example/gospreadsheet/xlsx_reader.go:283.63,284.28 1 1
github.com/example/gospreadsheet/xlsx_reader.go:284.28,285.38 1 1
github.com/example/gospreadsheet/xlsx_reader.go:285.38,287.18 2 1
github.com/example/gospreadsheet/xlsx_reader.go:287.18,289.5 1 0
github.com/example/gospreadsheet/xlsx_reader.go:290.4,291.25 2 1
github.com/example/gospreadsheet/xlsx_reader.go:294.2,294.62 1 1
github.com/example/gospreadsheet/xlsx_writer.go:17.34,19.2 1 1
github.com/example/gospreadsheet/xlsx_writer.go:22.64,24.16 2 1
github.com/example/gospreadsheet/xlsx_writer.go:24.16,26.3 1 1
github.com/example/gospreadsheet/xlsx_writer.go:27.2,28.23 2 1
github.com/example/gospreadsheet/xlsx_writer.go:32.66,38.35 4 1
github.com/example/gospreadsheet/xlsx_writer.go:38.35,39.30 1 1
github.com/example/gospreadsheet/xlsx_writer.go:39.30,40.32 1 1
github.com/example/gospreadsheet/xlsx_writer.go:40.32,41.38 1 1
github.com/example/gospreadsheet/xlsx_writer.go:41.38,43.6 1 1
github.com/example/gospreadsheet/xlsx_writer.go:49.2,49.52 1 1
github.com/example/gospreadsheet/xlsx_writer.go:49.52,51.3 1 0
github.com/example/gospreadsheet/xlsx_writer.go:53.2,53.40 1 1
github.com/example/gospreadsheet/xlsx_writer.go:53.40,55.3 1 0
github.com/example/gospreadsheet/xlsx_writer.go:57.2,57.52 1 1
github.com/example/gospreadsheet/xlsx_writer.go:57.52,59.3 1 0
github.com/example/gospreadsheet/xlsx_writer.go:61.2,61.48 1 1
github.com/example/gospreadsheet/xlsx_writer.go:61.48,63.3 1 0
github.com/example/gospreadsheet/xlsx_writer.go:65.2,65.46 1 1
github.com/example/gospreadsheet/xlsx_writer.go:65.46,67.3 1 0
github.com/example/gospreadsheet/xlsx_writer.go:69.2,69.64 1 1
github.com/example/gospreadsheet/xlsx_writer.go:69.64,71.3 1 0
github.com/example/gospreadsheet/xlsx_writer.go:73.2,73.35 1 1
github.com/example/gospreadsheet/xlsx_writer.go:73.35,74.66 1 1
github.com/example/gospreadsheet/xlsx_writer.go:74.66,76.4 1 0
github.com/example/gospreadsheet/xlsx_writer.go:79.2,79.54 1 1
github.com/example/gospreadsheet/xlsx_writer.go:79.54,81.3 1 0
github.com/example/gospreadsheet/xlsx_writer.go:83.2,83.12 1 1
github.com/example/gospreadsheet/xlsx_writer.go:92.40,97.2 1 1
github.com/example/gospreadsheet/xlsx_writer.go:99.44,100.32 1 1
github.com/example/gospreadsheet/xlsx_writer.go:100.32,102.3 1 1
github.com/example/gospreadsheet/xlsx_writer.go:103.2,106.12 4 1
github.com/example/gospreadsheet/xlsx_writer.go:109.49,110.32 1 1
github.com/example/gospreadsheet/xlsx_writer.go:110.32,112.3 1 1
github.com/example/gospreadsheet/xlsx_writer.go:113.2,113.11 1 1
github.com/example/gospreadsheet/xlsx_writer.go:116.76,118.16 2 1
github.com/example/gospreadsheet/xlsx_writer.go:118.16,120.3 1 0
github.com/example/gospreadsheet/xlsx_writer.go:121.2,129.31 9 1
github.com/example/gospreadsheet/xlsx_writer.go:129.31,131.3 1 1
github.com/example/gospreadsheet/xlsx_writer.go:132.2,134.12 3 1
github.com/example/gospreadsheet/xlsx_writer.go:137.54,139.16 2 1
github.com/example/gospreadsheet/xlsx_writer.go:139.16,141.3 1 0
github.com/example/gospreadsheet/xlsx_writer.go:142.2,148.12 7 1
github.com/example/gospreadsheet/xlsx_writer.go:151.76,153.16 2 1
github.com/example/gospreadsheet/xlsx_writer.go:153.16,155.3 1 0
github.com/example/gospreadsheet/xlsx_writer.go:156.2,158.31 3 1
github.com/example/gospreadsheet/xlsx_writer.go:158.31,160.3 1 1
github.com/example/gospreadsheet/xlsx_writer.go:161.2,165.12 5 1
github.com/example/gospreadsheet/xlsx_writer.go:168.72,170.16 2 1
github.com/example/gospreadsheet/xlsx_writer.go:170.16,172.3 1 0
github.com/example/gospreadsheet/xlsx_writer.go:173.2,176.35 4 1
github.com/example/gospreadsheet/xlsx_writer.go:176.35,179.3 1 1
github.com/example/gospreadsheet/xlsx_writer.go:180.2,183.12 4 1
github.com/example/gospreadsheet/xlsx_writer.go:186.70,188.16 2 1
github.com/example/gospreadsheet/xlsx_writer.go:188.16,190.3 1 0
github.com/example/gospreadsheet/xlsx_writer.go:192.2,201.12 10 1
github.com/example/gospreadsheet/xlsx_writer.go:204.82,206.16 2 1
github.com/example/gospreadsheet/xlsx_writer.go:206.16,208.3 1 0
github.com/example/gospreadsheet/xlsx_writer.go:209.2,212.31 3 1
github.com/example/gospreadsheet/xlsx_writer.go:212.31,214.3 1 1
github.com/example/gospreadsheet/xlsx_writer.go:215.2,217.12 3 1
github.com/example/gospreadsheet/xlsx_writer.go:220.103,222.16 2 1
github.com/example/gospreadsheet/xlsx_writer.go:222.16,224.3 1 0
github.com/example/gospreadsheet/xlsx_writer.go:226.2,230.22 3 1
github.com/example/gospreadsheet/xlsx_writer.go:230.22,235.3 3 1
github.com/example/gospreadsheet/xlsx_writer.go:238.2,238.27 1 1
github.com/example/gospreadsheet/xlsx_writer.go:238.27,240.40 2 1
github.com/example/gospreadsheet/xlsx_writer.go:240.40,242.4 1 1
github.com/example/gospreadsheet/xlsx_writer.go:243.3,243.24 1 1
github.com/example/gospreadsheet/xlsx_writer.go:246.2,249.20 3 1
github.com/example/gospreadsheet/xlsx_writer.go:249.20,251.27 2 1
github.com/example/gospreadsheet/xlsx_writer.go:251.27,252.27 1 1
github.com/example/gospreadsheet/xlsx_writer.go:252.27,253.24 1 1
github.com/example/gospreadsheet/xlsx_writer.go:253.24,255.6 1 1
github.com/example/gospreadsheet/xlsx_writer.go:256.5,258.42 3 1
github.com/example/gospreadsheet/xlsx_writer.go:258.42,260.6 1 1
github.com/example/gospreadsheet/xlsx_writer.go:261.5,261.66 1 1
github.com/example/gospreadsheet/xlsx_writer.go:264.4,265.18 2 1
github.com/example/gospreadsheet/xlsx_writer.go:266.24,267.38 1 1
github.com/example/gospreadsheet/xlsx_writer.go:267.38,270.6 2 1
github.com/example/gospreadsheet/xlsx_writer.go:271.25,272.39 1 1
github.com/example/gospreadsheet/xlsx_writer.go:272.39,274.6 1 1
github.com/example/gospreadsheet/xlsx_writer.go:275.22,276.36 1 1
github.com/example/gospreadsheet/xlsx_writer.go:276.36,278.11 2 1
github.com/example/gospreadsheet/xlsx_writer.go:278.11,280.7 1 1
github.com/example/gospreadsheet/xlsx_writer.go:281.6,281.81 1 1
github.com/example/gospreadsheet/xlsx_writer.go:283.25,284.87 1 1
github.com/example/gospreadsheet/xlsx_writer.go:285.22,286.41 1 1
github.com/example/gospreadsheet/xlsx_writer.go:286.41,289.6 2 1
github.com/example/gospreadsheet/xlsx_writer.go:292.3,292.22 1 1
github.com/example/gospreadsheet/xlsx_writer.go:292.22,294.4 1 1
github.com/example/gospreadsheet/xlsx_writer.go:297.2,300.28 2 1
github.com/example/gospreadsheet/xlsx_writer.go:300.28,302.36 2 1
github.com/example/gospreadsheet/xlsx_writer.go:302.36,306.4 3 1
github.com/example/gospreadsheet/xlsx_writer.go:307.3,307.30 1 1
github.com/example/gospreadsheet/xlsx_writer.go:310.2,312.12 3 1
github.com/example/gospreadsheet/xlsx_writer.go:315.78,317.16 2 1
github.com/example/gospreadsheet/xlsx_writer.go:317.16,319.3 1 0
github.com/example/gospreadsheet/xlsx_writer.go:320.2,322.33 3 1
github.com/example/gospreadsheet/xlsx_writer.go:322.33,324.3 1 1
github.com/example/gospreadsheet/xlsx_writer.go:325.2,325.31 1 1
github.com/example/gospreadsheet/xlsx_writer.go:325.31,327.3 1 1
github.com/example/gospreadsheet/xlsx_writer.go:328.2,328.33 1 1
github.com/example/gospreadsheet/xlsx_writer.go:328.33,330.3 1 1
github.com/example/gospreadsheet/xlsx_writer.go:331.2,331.37 1 1
github.com/example/gospreadsheet/xlsx_writer.go:331.37,333.3 1 1
github.com/example/gospreadsheet/xlsx_writer.go:334.2,334.34 1 1
github.com/example/gospreadsheet/xlsx_writer.go:334.34,336.3 1 1
github.com/example/gospreadsheet/xlsx_writer.go:337.2,337.34 1 1
github.com/example/gospreadsheet/xlsx_writer.go:337.34,339.3 1 1
github.com/example/gospreadsheet/xlsx_writer.go:340.2,340.40 1 1
github.com/example/gospreadsheet/xlsx_writer.go:340.40,342.3 1 1
github.com/example/gospreadsheet/xlsx_writer.go:343.2,345.12 3 1
github.com/example/gospreadsheet/xlsx_writer.go:349.33,353.2 3 1
github.com/example/gospreadsheet/xlsx_writer.go:358.40,362.2 3 1
github.com/example/gospreadsheet/xlsx_writer.go:365.45,369.2 3 1
